// Jest Snapshot v1, https://goo.gl/fbAQLP

exports[`NotFound component NotFound Snapshot 1`] = `
<section
  className="notfound"
>
  <h1>
    Hi, Friend
  </h1>
  <h2>
    404 - Page Not Found
  </h2>
  <p>
    Try going back to the previous page
  </p>
  <div
    className="footer"
  >
    Â© 2020
  </div>
</section>
`;
